// Jest Snapshot v1, https://goo.gl/fbAQLP

exports[`Picture should render match snapshot 1`] = `
<div>
  <img
    alt="picture-perfil"
    data-nimg="1"
    decoding="async"
    height="300"
    loading="lazy"
    src="https:https://fakeUrl.com?w=640&q=75"
    srcset="https:https://fakeUrl.com?w=384&q=75 1x, https:https://fakeUrl.com?w=640&q=75 2x"
    style="color: transparent; border-radius: 50%;"
    width="300"
  />
</div>
`;
